%!Adobe-FontList 1.23
%Locale:0x409

%BeginFont
Handler:DirectoryHandler
FontType:Invalid
OutlineFileName:/Users/jan/Downloads/Zdrojový InDesign/Document fonts/AdobeFnt14.lst
FileLength:4170
FileModTime:669099916
%EndFont

%BeginFont
Handler:DirectoryHandler
FontType:Invalid
OutlineFileName:/Users/jan/Downloads/Zdrojový InDesign/Document fonts/AdobeFnt23.lst
FileLength:6347
FileModTime:670865843
%EndFont

%BeginFont
Handler:DirectoryHandler
FontType:TrueType
FontName:Archivo-Bold
FamilyName:Archivo
StyleName:Bold
MenuName:Archivo
StyleBits:2
WeightClass:700
WidthClass:5
AngleClass:0
FullName:Archivo Bold
WritingScript:Roman
OutlineFileName:/Users/jan/Downloads/Zdrojový InDesign/Document fonts/Archivo-Bold.ttf
DataFormat:sfntData
hasSVG:no
VariableFontType:NonVariableFont
FileLength:119564
FileModTime:502376400
NameArray:0,Win,1,Archivo
%EndFont

%BeginFont
Handler:DirectoryHandler
FontType:TrueType
FontName:Archivo-BoldItalic
FamilyName:Archivo
StyleName:Bold Italic
MenuName:Archivo
StyleBits:3
WeightClass:700
WidthClass:5
AngleClass:1
FullName:Archivo Bold Italic
WritingScript:Roman
OutlineFileName:/Users/jan/Downloads/Zdrojový InDesign/Document fonts/Archivo-BoldItalic.ttf
DataFormat:sfntData
hasSVG:no
VariableFontType:NonVariableFont
FileLength:119756
FileModTime:502376400
NameArray:0,Win,1,Archivo
%EndFont

%BeginFont
Handler:DirectoryHandler
FontType:TrueType
FontName:Archivo-Italic
FamilyName:Archivo
StyleName:Italic
MenuName:Archivo
StyleBits:1
WeightClass:400
WidthClass:5
AngleClass:1
FullName:Archivo Italic
WritingScript:Roman
OutlineFileName:/Users/jan/Downloads/Zdrojový InDesign/Document fonts/Archivo-Italic.ttf
DataFormat:sfntData
hasSVG:no
VariableFontType:NonVariableFont
FileLength:113252
FileModTime:502376400
NameArray:0,Win,1,Archivo
%EndFont

%BeginFont
Handler:DirectoryHandler
FontType:TrueType
FontName:Archivo-Regular
FamilyName:Archivo
StyleName:Regular
MenuName:Archivo
StyleBits:0
WeightClass:400
WidthClass:5
AngleClass:0
FullName:Archivo Regular
WritingScript:Roman
OutlineFileName:/Users/jan/Downloads/Zdrojový InDesign/Document fonts/Archivo-Regular.ttf
DataFormat:sfntData
hasSVG:no
VariableFontType:NonVariableFont
FileLength:109420
FileModTime:502376400
NameArray:0,Win,1,Archivo
%EndFont

%BeginFont
Handler:DirectoryHandler
FontType:TrueType
FontName:ArialMT
FamilyName:Arial
StyleName:Regular
MenuName:Arial
StyleBits:0
WeightClass:400
WidthClass:5
AngleClass:0
FullName:Arial
WritingScript:Roman
OutlineFileName:/Users/jan/Downloads/Zdrojový InDesign/Document fonts/Arial.ttf
DataFormat:sfntData
hasSVG:no
VariableFontType:NonVariableFont
FileLength:774476
FileModTime:373762800
NameArray:0,Mac,4,Arial
NameArray:0,Win,1,Arial
%EndFont

%BeginFont
Handler:DirectoryHandler
FontType:Type1
FontName:Bauziet-Norm-Regular
FamilyName:Bauziet
StyleName:Norm Regular
MenuName:Regular
StyleBits:0
WeightClass:400
WidthClass:5
AngleClass:0
FullName:Bauziet Norm Regular
WritingScript:Roman
OutlineFileName:/Users/jan/Downloads/Zdrojový InDesign/Document fonts/Bauziet-Norm-Regular.otf
DataFormat:sfntData
UsesStandardEncoding:yes
isCFF:yes
hasSVG:no
VariableFontType:NonVariableFont
FileLength:71180
FileModTime:627992586
NameArray:0,Mac,4,Bauziet Norm Regular
NameArray:0,Win,1,Regular
NameArray:0,Win,16,Bauziet
%EndFont

%BeginFont
Handler:DirectoryHandler
FontType:Type1
FontName:MinionPro-Bold
FamilyName:Minion Pro
StyleName:Bold
MenuName:Minion Pro
StyleBits:2
WeightClass:700
WidthClass:5
AngleClass:0
FullName:Minion Pro Bold
WritingScript:Roman
OutlineFileName:/Users/jan/Downloads/Zdrojový InDesign/Document fonts/MinionPro-Bold.otf
DataFormat:sfntData
UsesStandardEncoding:yes
isCFF:yes
hasSVG:no
VariableFontType:NonVariableFont
FileLength:217028
FileModTime:411562630
DesignSize:110
NameArray:0,Mac,4,Minion Pro Bold
NameArray:0,Win,1,Minion Pro
%EndFont

%BeginFont
Handler:DirectoryHandler
FontType:Type1
FontName:MinionPro-Regular
FamilyName:Minion Pro
StyleName:Regular
MenuName:Minion Pro
StyleBits:0
WeightClass:400
WidthClass:5
AngleClass:0
FullName:Minion Pro
WritingScript:Roman
OutlineFileName:/Users/jan/Downloads/Zdrojový InDesign/Document fonts/MinionPro-Regular.otf
DataFormat:sfntData
UsesStandardEncoding:yes
isCFF:yes
hasSVG:no
VariableFontType:NonVariableFont
FileLength:217280
FileModTime:372553012
DesignSize:110
NameArray:0,Mac,4,Minion Pro
NameArray:0,Win,1,Minion Pro
%EndFont

%BeginFont
Handler:DirectoryHandler
FontType:Type1
FontName:PPRightGothic-WideMedium
FamilyName:PP Right Gothic
StyleName:Wide Medium
MenuName:PP Right Gothic Wide Medium
StyleBits:0
WeightClass:500
WidthClass:6
AngleClass:0
FullName:PP Right Gothic Wide Medium
WritingScript:Roman
OutlineFileName:/Users/jan/Downloads/Zdrojový InDesign/Document fonts/PPRightGothic-WideMedium.otf
DataFormat:sfntData
UsesStandardEncoding:yes
isCFF:yes
hasSVG:no
VariableFontType:NonVariableFont
FileLength:107232
FileModTime:655804050
NameArray:0,Mac,4,PP Right Gothic Wide Medium
NameArray:0,Win,1,PP Right Gothic Wide Medium
NameArray:0,Win,16,PP Right Gothic
%EndFont

%BeginFont
Handler:DirectoryHandler
FontType:Type1
FontName:RightGrotesk-SpatialRegular
FamilyName:Right Grotesk
StyleName:Spatial Regular
MenuName:Right Grotesk Spatial
StyleBits:0
WeightClass:400
WidthClass:7
AngleClass:0
FullName:Right Grotesk Spatial Regular
WritingScript:Roman
OutlineFileName:/Users/jan/Downloads/Zdrojový InDesign/Document fonts/RightGrotesk-SpatialRegular.otf
DataFormat:sfntData
UsesStandardEncoding:yes
isCFF:yes
hasSVG:no
VariableFontType:NonVariableFont
FileLength:72920
FileModTime:604317536
NameArray:0,Mac,4,Right Grotesk Spatial Regular
NameArray:0,Win,1,Right Grotesk Spatial
NameArray:0,Win,16,Right Grotesk
%EndFont

%BeginFont
Handler:DirectoryHandler
FontType:Type1
FontName:RightGrotesk-WideMedium
FamilyName:Right Grotesk
StyleName:Wide Medium
MenuName:Right Grotesk Wide Medium
StyleBits:0
WeightClass:500
WidthClass:6
AngleClass:0
FullName:Right Grotesk Wide Medium
WritingScript:Roman
OutlineFileName:/Users/jan/Downloads/Zdrojový InDesign/Document fonts/RightGrotesk-WideMedium.otf
DataFormat:sfntData
UsesStandardEncoding:yes
isCFF:yes
hasSVG:no
VariableFontType:NonVariableFont
FileLength:73076
FileModTime:604317524
NameArray:0,Mac,4,Right Grotesk Wide Medium
NameArray:0,Win,1,Right Grotesk Wide Medium
NameArray:0,Win,16,Right Grotesk
%EndFont

